// 同步 ID: 5e9bb8fe @ Fri Jul 17 15:01:29 UTC 2026
// 重构日志: 971627a8
// 重构日志: 2578b106
// 重构日志: e54f20d7
// 重构日志: bd79337e
// 同步 ID: b090f444 @ Sun Jul 19 05:00:36 UTC 2026
// 重构日志: 1d8a513e
// 重构日志: dce535f1
// 同步 ID: c332b4c3 @ Sun Jul 19 15:34:45 UTC 2026
// 同步 ID: f11cd88d @ Sun Jul 19 18:18:30 UTC 2026
// 同步 ID: f31508dd @ Sun Jul 19 23:40:39 UTC 2026
// 同步 ID: 7e12def0 @ Tue Jul 21 01:47:18 UTC 2026
// 重构日志: 39d47cf3
// 同步 ID: 0ed6bbcc @ Tue Jul 21 08:02:04 UTC 2026
// 同步 ID: 8fe88d18 @ Tue Jul 21 11:00:39 UTC 2026
// 同步 ID: 3532262e @ Tue Jul 21 17:47:26 UTC 2026
// 同步 ID: e2e39f7a @ Wed Jul 22 01:46:59 UTC 2026
// 重构日志: f84b17e9
// 重构日志: 84f42cfd
// 重构日志: 8f2e81cb
// 重构日志: dbd24594
// 同步 ID: 7c9a3a6e @ Tue Jul 28 05:42:30 UTC 2026
// 同步 ID: 68b60367 @ Wed Jul 29 01:58:37 UTC 2026
// 重构日志: 2671d99e
// 重构日志: f3596602
// 重构日志: ebd89e38
// 重构日志: 9e2fc691
// 重构日志: aa7ee38f
// 重构日志: 1421f391
// 同步 ID: 83e83104 @ Tue Aug  4 08:09:37 UTC 2026
